com/currency/exchange/Currency/Exchange/exception/ApplicationServiceException.class
com/currency/exchange/Currency/Exchange/web/rest/novoService.class
com/currency/exchange/Currency/Exchange/repository/CoinRepository.class
com/currency/exchange/Currency/Exchange/exception/ApplicationResourceException.class
com/currency/exchange/Currency/Exchange/exception/ApplicationException.class
com/currency/exchange/Currency/Exchange/service/mapper/EntityMapper.class
com/currency/exchange/Currency/Exchange/service/impl/CoinServiceImpl.class
com/currency/exchange/Currency/Exchange/service/mapper/CoinMapper.class
com/currency/exchange/Currency/Exchange/service/mapper/CoinMapperImpl.class
com/currency/exchange/Currency/Exchange/model/Coin$CoinBuilder.class
com/currency/exchange/Currency/Exchange/CurrencyExchangeApplication.class
com/currency/exchange/Currency/Exchange/model/CoinHistory.class
com/currency/exchange/Currency/Exchange/web/rest/CoinResource.class
com/currency/exchange/Currency/Exchange/service/dto/CoinDTO.class
com/currency/exchange/Currency/Exchange/model/UserVO.class
com/currency/exchange/Currency/Exchange/web/rest/proxy/TransactionServiceProxy.class
com/currency/exchange/Currency/Exchange/web/rest/util/HeaderUtil.class
com/currency/exchange/Currency/Exchange/model/Coin.class
com/currency/exchange/Currency/Exchange/service/CoinService.class
