/home/luis/Documents/projetos/currency/docker/./../exchange/src/main/java/com/currency/exchange/Currency/Exchange/exception/ApplicationException.java
/home/luis/Documents/projetos/currency/docker/./../exchange/src/main/java/com/currency/exchange/Currency/Exchange/model/UserVO.java
/home/luis/Documents/projetos/currency/docker/./../exchange/src/main/java/com/currency/exchange/Currency/Exchange/web/rest/CoinResource.java
/home/luis/Documents/projetos/currency/docker/./../exchange/src/main/java/com/currency/exchange/Currency/Exchange/exception/ApplicationResourceException.java
/home/luis/Documents/projetos/currency/docker/./../exchange/src/main/java/com/currency/exchange/Currency/Exchange/service/mapper/EntityMapper.java
/home/luis/Documents/projetos/currency/docker/./../exchange/src/main/java/com/currency/exchange/Currency/Exchange/web/rest/proxy/TransactionServiceProxy.java
/home/luis/Documents/projetos/currency/docker/./../exchange/src/main/java/com/currency/exchange/Currency/Exchange/web/rest/util/HeaderUtil.java
/home/luis/Documents/projetos/currency/docker/./../exchange/src/main/java/com/currency/exchange/Currency/Exchange/web/rest/novoService.java
/home/luis/Documents/projetos/currency/docker/./../exchange/src/main/java/com/currency/exchange/Currency/Exchange/service/mapper/CoinMapper.java
/home/luis/Documents/projetos/currency/docker/./../exchange/src/main/java/com/currency/exchange/Currency/Exchange/service/dto/CoinDTO.java
/home/luis/Documents/projetos/currency/docker/./../exchange/src/main/java/com/currency/exchange/Currency/Exchange/exception/ApplicationServiceException.java
/home/luis/Documents/projetos/currency/docker/./../exchange/src/main/java/com/currency/exchange/Currency/Exchange/repository/CoinRepository.java
/home/luis/Documents/projetos/currency/docker/./../exchange/src/main/java/com/currency/exchange/Currency/Exchange/service/impl/CoinServiceImpl.java
/home/luis/Documents/projetos/currency/docker/./../exchange/src/main/java/com/currency/exchange/Currency/Exchange/model/Coin.java
/home/luis/Documents/projetos/currency/docker/./../exchange/src/main/java/com/currency/exchange/Currency/Exchange/model/CoinHistory.java
/home/luis/Documents/projetos/currency/docker/./../exchange/src/main/java/com/currency/exchange/Currency/Exchange/service/CoinService.java
/home/luis/Documents/projetos/currency/docker/./../exchange/src/main/java/com/currency/exchange/Currency/Exchange/CurrencyExchangeApplication.java
